// Jest Snapshot v1, https://goo.gl/fbAQLP

exports[`Welcome.jsx renders without crashing 1`] = `
ShallowWrapper {
  "length": 1,
  Symbol(enzyme.__root__): [Circular],
  Symbol(enzyme.__unrendered__): <Welcome />,
  Symbol(enzyme.__renderer__): Object {
    "batchedUpdates": [Function],
    "getNode": [Function],
    "render": [Function],
    "simulateEvent": [Function],
    "unmount": [Function],
  },
  Symbol(enzyme.__node__): Object {
    "instance": null,
    "key": undefined,
    "nodeType": "host",
    "props": Object {
      "children": Array [
        <img
          alt="OpenTRV logo"
          src="opentrv.jpg"
        />,
        <h2>
          Welcome to OpenTRV
        </h2>,
        <h3>
          New User? Click Register to create an account
        </h3>,
        <h3>
          Existing User? Login to view your TRV system
        </h3>,
        <div
          className="Welcome__buttons"
        >
          <Button
            className="Welcome__register-button"
            disabled={false}
            iconDescription="Provide icon description if icon is used"
            kind="secondary"
            onClick={[Function]}
            small={false}
            tabIndex={0}
            type="button"
          >
            Register
          </Button>
          <Button
            className="Welcome__login-button"
            disabled={false}
            iconDescription="Provide icon description if icon is used"
            kind="primary"
            onClick={[Function]}
            small={false}
            tabIndex={0}
            type="button"
          >
            Login
          </Button>
        </div>,
      ],
      "className": "Welcome",
    },
    "ref": null,
    "rendered": Array [
      Object {
        "instance": null,
        "key": undefined,
        "nodeType": "host",
        "props": Object {
          "alt": "OpenTRV logo",
          "src": "opentrv.jpg",
        },
        "ref": null,
        "rendered": null,
        "type": "img",
      },
      Object {
        "instance": null,
        "key": undefined,
        "nodeType": "host",
        "props": Object {
          "children": "Welcome to OpenTRV",
        },
        "ref": null,
        "rendered": "Welcome to OpenTRV",
        "type": "h2",
      },
      Object {
        "instance": null,
        "key": undefined,
        "nodeType": "host",
        "props": Object {
          "children": "New User? Click Register to create an account",
        },
        "ref": null,
        "rendered": "New User? Click Register to create an account",
        "type": "h3",
      },
      Object {
        "instance": null,
        "key": undefined,
        "nodeType": "host",
        "props": Object {
          "children": "Existing User? Login to view your TRV system",
        },
        "ref": null,
        "rendered": "Existing User? Login to view your TRV system",
        "type": "h3",
      },
      Object {
        "instance": null,
        "key": undefined,
        "nodeType": "host",
        "props": Object {
          "children": Array [
            <Button
              className="Welcome__register-button"
              disabled={false}
              iconDescription="Provide icon description if icon is used"
              kind="secondary"
              onClick={[Function]}
              small={false}
              tabIndex={0}
              type="button"
            >
              Register
            </Button>,
            <Button
              className="Welcome__login-button"
              disabled={false}
              iconDescription="Provide icon description if icon is used"
              kind="primary"
              onClick={[Function]}
              small={false}
              tabIndex={0}
              type="button"
            >
              Login
            </Button>,
          ],
          "className": "Welcome__buttons",
        },
        "ref": null,
        "rendered": Array [
          Object {
            "instance": null,
            "key": undefined,
            "nodeType": "function",
            "props": Object {
              "children": "Register",
              "className": "Welcome__register-button",
              "disabled": false,
              "iconDescription": "Provide icon description if icon is used",
              "kind": "secondary",
              "onClick": [Function],
              "small": false,
              "tabIndex": 0,
              "type": "button",
            },
            "ref": null,
            "rendered": "Register",
            "type": [Function],
          },
          Object {
            "instance": null,
            "key": undefined,
            "nodeType": "function",
            "props": Object {
              "children": "Login",
              "className": "Welcome__login-button",
              "disabled": false,
              "iconDescription": "Provide icon description if icon is used",
              "kind": "primary",
              "onClick": [Function],
              "small": false,
              "tabIndex": 0,
              "type": "button",
            },
            "ref": null,
            "rendered": "Login",
            "type": [Function],
          },
        ],
        "type": "div",
      },
    ],
    "type": "div",
  },
  Symbol(enzyme.__nodes__): Array [
    Object {
      "instance": null,
      "key": undefined,
      "nodeType": "host",
      "props": Object {
        "children": Array [
          <img
            alt="OpenTRV logo"
            src="opentrv.jpg"
          />,
          <h2>
            Welcome to OpenTRV
          </h2>,
          <h3>
            New User? Click Register to create an account
          </h3>,
          <h3>
            Existing User? Login to view your TRV system
          </h3>,
          <div
            className="Welcome__buttons"
          >
            <Button
              className="Welcome__register-button"
              disabled={false}
              iconDescription="Provide icon description if icon is used"
              kind="secondary"
              onClick={[Function]}
              small={false}
              tabIndex={0}
              type="button"
            >
              Register
            </Button>
            <Button
              className="Welcome__login-button"
              disabled={false}
              iconDescription="Provide icon description if icon is used"
              kind="primary"
              onClick={[Function]}
              small={false}
              tabIndex={0}
              type="button"
            >
              Login
            </Button>
          </div>,
        ],
        "className": "Welcome",
      },
      "ref": null,
      "rendered": Array [
        Object {
          "instance": null,
          "key": undefined,
          "nodeType": "host",
          "props": Object {
            "alt": "OpenTRV logo",
            "src": "opentrv.jpg",
          },
          "ref": null,
          "rendered": null,
          "type": "img",
        },
        Object {
          "instance": null,
          "key": undefined,
          "nodeType": "host",
          "props": Object {
            "children": "Welcome to OpenTRV",
          },
          "ref": null,
          "rendered": "Welcome to OpenTRV",
          "type": "h2",
        },
        Object {
          "instance": null,
          "key": undefined,
          "nodeType": "host",
          "props": Object {
            "children": "New User? Click Register to create an account",
          },
          "ref": null,
          "rendered": "New User? Click Register to create an account",
          "type": "h3",
        },
        Object {
          "instance": null,
          "key": undefined,
          "nodeType": "host",
          "props": Object {
            "children": "Existing User? Login to view your TRV system",
          },
          "ref": null,
          "rendered": "Existing User? Login to view your TRV system",
          "type": "h3",
        },
        Object {
          "instance": null,
          "key": undefined,
          "nodeType": "host",
          "props": Object {
            "children": Array [
              <Button
                className="Welcome__register-button"
                disabled={false}
                iconDescription="Provide icon description if icon is used"
                kind="secondary"
                onClick={[Function]}
                small={false}
                tabIndex={0}
                type="button"
              >
                Register
              </Button>,
              <Button
                className="Welcome__login-button"
                disabled={false}
                iconDescription="Provide icon description if icon is used"
                kind="primary"
                onClick={[Function]}
                small={false}
                tabIndex={0}
                type="button"
              >
                Login
              </Button>,
            ],
            "className": "Welcome__buttons",
          },
          "ref": null,
          "rendered": Array [
            Object {
              "instance": null,
              "key": undefined,
              "nodeType": "function",
              "props": Object {
                "children": "Register",
                "className": "Welcome__register-button",
                "disabled": false,
                "iconDescription": "Provide icon description if icon is used",
                "kind": "secondary",
                "onClick": [Function],
                "small": false,
                "tabIndex": 0,
                "type": "button",
              },
              "ref": null,
              "rendered": "Register",
              "type": [Function],
            },
            Object {
              "instance": null,
              "key": undefined,
              "nodeType": "function",
              "props": Object {
                "children": "Login",
                "className": "Welcome__login-button",
                "disabled": false,
                "iconDescription": "Provide icon description if icon is used",
                "kind": "primary",
                "onClick": [Function],
                "small": false,
                "tabIndex": 0,
                "type": "button",
              },
              "ref": null,
              "rendered": "Login",
              "type": [Function],
            },
          ],
          "type": "div",
        },
      ],
      "type": "div",
    },
  ],
  Symbol(enzyme.__options__): Object {
    "adapter": ReactSixteenAdapter {
      "options": Object {
        "enableComponentDidUpdateOnSetState": true,
      },
    },
  },
}
`;
