// Jest Snapshot v1, https://goo.gl/fbAQLP

exports[`Register.jsx renders without crashing 1`] = `
ShallowWrapper {
  "length": 1,
  Symbol(enzyme.__root__): [Circular],
  Symbol(enzyme.__unrendered__): <Register />,
  Symbol(enzyme.__renderer__): Object {
    "batchedUpdates": [Function],
    "getNode": [Function],
    "render": [Function],
    "simulateEvent": [Function],
    "unmount": [Function],
  },
  Symbol(enzyme.__node__): Object {
    "instance": null,
    "key": undefined,
    "nodeType": "host",
    "props": Object {
      "children": Array [
        <h2
          className="Register__title"
        >
          Register for an account
        </h2>,
        <Form
          className="Register__form"
        >
          <FormGroup
            className="Register__form-name"
            invalid={false}
            legendText="Name"
            message={false}
            messageText=""
          >
            <TextInput
              className="bx--text__input"
              disabled={false}
              id="register-first-name"
              invalid={false}
              invalidText=""
              labelText="*First"
              onChange={[Function]}
              onClick={[Function]}
              placeholder="First name"
              type="text"
            />
            <TextInput
              className="bx--text__input"
              disabled={false}
              id="register-last-name"
              invalid={false}
              invalidText=""
              labelText="*Last"
              onChange={[Function]}
              onClick={[Function]}
              placeholder="Last name"
              type="text"
            />
          </FormGroup>
          <FormGroup
            className="Register__form-address"
            invalid={false}
            legendText="Address"
            message={false}
            messageText=""
          >
            <TextInput
              className="bx--text__input"
              disabled={false}
              id="register-house-firstline"
              invalid={false}
              invalidText=""
              labelText="*Line 1"
              onChange={[Function]}
              onClick={[Function]}
              placeholder="First line"
              type="text"
            />
            <TextInput
              className="bx--text__input"
              disabled={false}
              id="register-house-secondline"
              invalid={false}
              invalidText=""
              labelText="Line 2"
              onChange={[Function]}
              onClick={[Function]}
              placeholder="Second line"
              type="text"
            />
            <div
              style={
                Object {
                  "display": "flex",
                }
              }
            >
              <TextInput
                className="bx--text__input"
                disabled={false}
                id="register-house-city"
                invalid={false}
                invalidText=""
                labelText="City"
                onChange={[Function]}
                onClick={[Function]}
                placeholder="City"
                type="text"
              />
              <TextInput
                className="bx--text__input"
                disabled={false}
                id="register-house-county"
                invalid={false}
                invalidText=""
                labelText="*County"
                onChange={[Function]}
                onClick={[Function]}
                placeholder="County"
                type="text"
              />
            </div>
            <div
              style={
                Object {
                  "display": "flex",
                }
              }
            >
              <TextInput
                className="bx--text__input"
                disabled={false}
                id="register-house-country"
                invalid={false}
                invalidText=""
                labelText="Country"
                onChange={[Function]}
                onClick={[Function]}
                placeholder="Country"
                type="text"
              />
              <TextInput
                className="bx--text__input"
                disabled={false}
                id="register-house-postcode"
                invalid={false}
                invalidText=""
                labelText="*Postcode"
                onChange={[Function]}
                onClick={[Function]}
                placeholder="Postcode"
                type="text"
              />
            </div>
          </FormGroup>
          <FormGroup
            invalid={false}
            legendText=""
            message={false}
            messageText=""
          >
            <TextInput
              className="bx--text__input"
              disabled={false}
              id="register-password"
              invalid={false}
              invalidText=""
              labelText="*Password"
              onChange={[Function]}
              onClick={[Function]}
              placeholder="Enter password"
              type="password"
            />
            <TextInput
              className="bx--text__input"
              disabled={false}
              id="register-password-confirm"
              invalid={false}
              invalidText=""
              labelText="*Confirm Password"
              onChange={[Function]}
              onClick={[Function]}
              placeholder="Enter password"
              type="password"
            />
          </FormGroup>
          <div
            className="Register__form-buttons"
          >
            <Button
              className="Register__back-button"
              disabled={false}
              href="/"
              iconDescription="Provide icon description if icon is used"
              kind="secondary"
              small={false}
              style={
                Object {
                  "width": "120px",
                }
              }
              tabIndex={0}
              type="button"
            >
              Back
            </Button>
            <Button
              className="Register__register-button"
              disabled={false}
              iconDescription="Provide icon description if icon is used"
              kind="primary"
              small={false}
              style={
                Object {
                  "width": "120px",
                }
              }
              tabIndex={0}
              type="button"
            >
              Register
            </Button>
          </div>
        </Form>,
      ],
      "className": "Register",
    },
    "ref": null,
    "rendered": Array [
      Object {
        "instance": null,
        "key": undefined,
        "nodeType": "host",
        "props": Object {
          "children": "Register for an account",
          "className": "Register__title",
        },
        "ref": null,
        "rendered": "Register for an account",
        "type": "h2",
      },
      Object {
        "instance": null,
        "key": undefined,
        "nodeType": "function",
        "props": Object {
          "children": Array [
            <FormGroup
              className="Register__form-name"
              invalid={false}
              legendText="Name"
              message={false}
              messageText=""
            >
              <TextInput
                className="bx--text__input"
                disabled={false}
                id="register-first-name"
                invalid={false}
                invalidText=""
                labelText="*First"
                onChange={[Function]}
                onClick={[Function]}
                placeholder="First name"
                type="text"
              />
              <TextInput
                className="bx--text__input"
                disabled={false}
                id="register-last-name"
                invalid={false}
                invalidText=""
                labelText="*Last"
                onChange={[Function]}
                onClick={[Function]}
                placeholder="Last name"
                type="text"
              />
            </FormGroup>,
            <FormGroup
              className="Register__form-address"
              invalid={false}
              legendText="Address"
              message={false}
              messageText=""
            >
              <TextInput
                className="bx--text__input"
                disabled={false}
                id="register-house-firstline"
                invalid={false}
                invalidText=""
                labelText="*Line 1"
                onChange={[Function]}
                onClick={[Function]}
                placeholder="First line"
                type="text"
              />
              <TextInput
                className="bx--text__input"
                disabled={false}
                id="register-house-secondline"
                invalid={false}
                invalidText=""
                labelText="Line 2"
                onChange={[Function]}
                onClick={[Function]}
                placeholder="Second line"
                type="text"
              />
              <div
                style={
                  Object {
                    "display": "flex",
                  }
                }
              >
                <TextInput
                  className="bx--text__input"
                  disabled={false}
                  id="register-house-city"
                  invalid={false}
                  invalidText=""
                  labelText="City"
                  onChange={[Function]}
                  onClick={[Function]}
                  placeholder="City"
                  type="text"
                />
                <TextInput
                  className="bx--text__input"
                  disabled={false}
                  id="register-house-county"
                  invalid={false}
                  invalidText=""
                  labelText="*County"
                  onChange={[Function]}
                  onClick={[Function]}
                  placeholder="County"
                  type="text"
                />
              </div>
              <div
                style={
                  Object {
                    "display": "flex",
                  }
                }
              >
                <TextInput
                  className="bx--text__input"
                  disabled={false}
                  id="register-house-country"
                  invalid={false}
                  invalidText=""
                  labelText="Country"
                  onChange={[Function]}
                  onClick={[Function]}
                  placeholder="Country"
                  type="text"
                />
                <TextInput
                  className="bx--text__input"
                  disabled={false}
                  id="register-house-postcode"
                  invalid={false}
                  invalidText=""
                  labelText="*Postcode"
                  onChange={[Function]}
                  onClick={[Function]}
                  placeholder="Postcode"
                  type="text"
                />
              </div>
            </FormGroup>,
            <FormGroup
              invalid={false}
              legendText=""
              message={false}
              messageText=""
            >
              <TextInput
                className="bx--text__input"
                disabled={false}
                id="register-password"
                invalid={false}
                invalidText=""
                labelText="*Password"
                onChange={[Function]}
                onClick={[Function]}
                placeholder="Enter password"
                type="password"
              />
              <TextInput
                className="bx--text__input"
                disabled={false}
                id="register-password-confirm"
                invalid={false}
                invalidText=""
                labelText="*Confirm Password"
                onChange={[Function]}
                onClick={[Function]}
                placeholder="Enter password"
                type="password"
              />
            </FormGroup>,
            <div
              className="Register__form-buttons"
            >
              <Button
                className="Register__back-button"
                disabled={false}
                href="/"
                iconDescription="Provide icon description if icon is used"
                kind="secondary"
                small={false}
                style={
                  Object {
                    "width": "120px",
                  }
                }
                tabIndex={0}
                type="button"
              >
                Back
              </Button>
              <Button
                className="Register__register-button"
                disabled={false}
                iconDescription="Provide icon description if icon is used"
                kind="primary"
                small={false}
                style={
                  Object {
                    "width": "120px",
                  }
                }
                tabIndex={0}
                type="button"
              >
                Register
              </Button>
            </div>,
          ],
          "className": "Register__form",
        },
        "ref": null,
        "rendered": Array [
          Object {
            "instance": null,
            "key": undefined,
            "nodeType": "function",
            "props": Object {
              "children": Array [
                <TextInput
                  className="bx--text__input"
                  disabled={false}
                  id="register-first-name"
                  invalid={false}
                  invalidText=""
                  labelText="*First"
                  onChange={[Function]}
                  onClick={[Function]}
                  placeholder="First name"
                  type="text"
                />,
                <TextInput
                  className="bx--text__input"
                  disabled={false}
                  id="register-last-name"
                  invalid={false}
                  invalidText=""
                  labelText="*Last"
                  onChange={[Function]}
                  onClick={[Function]}
                  placeholder="Last name"
                  type="text"
                />,
              ],
              "className": "Register__form-name",
              "invalid": false,
              "legendText": "Name",
              "message": false,
              "messageText": "",
            },
            "ref": null,
            "rendered": Array [
              Object {
                "instance": null,
                "key": undefined,
                "nodeType": "function",
                "props": Object {
                  "className": "bx--text__input",
                  "disabled": false,
                  "id": "register-first-name",
                  "invalid": false,
                  "invalidText": "",
                  "labelText": "*First",
                  "onChange": [Function],
                  "onClick": [Function],
                  "placeholder": "First name",
                  "type": "text",
                },
                "ref": null,
                "rendered": null,
                "type": [Function],
              },
              Object {
                "instance": null,
                "key": undefined,
                "nodeType": "function",
                "props": Object {
                  "className": "bx--text__input",
                  "disabled": false,
                  "id": "register-last-name",
                  "invalid": false,
                  "invalidText": "",
                  "labelText": "*Last",
                  "onChange": [Function],
                  "onClick": [Function],
                  "placeholder": "Last name",
                  "type": "text",
                },
                "ref": null,
                "rendered": null,
                "type": [Function],
              },
            ],
            "type": [Function],
          },
          Object {
            "instance": null,
            "key": undefined,
            "nodeType": "function",
            "props": Object {
              "children": Array [
                <TextInput
                  className="bx--text__input"
                  disabled={false}
                  id="register-house-firstline"
                  invalid={false}
                  invalidText=""
                  labelText="*Line 1"
                  onChange={[Function]}
                  onClick={[Function]}
                  placeholder="First line"
                  type="text"
                />,
                <TextInput
                  className="bx--text__input"
                  disabled={false}
                  id="register-house-secondline"
                  invalid={false}
                  invalidText=""
                  labelText="Line 2"
                  onChange={[Function]}
                  onClick={[Function]}
                  placeholder="Second line"
                  type="text"
                />,
                <div
                  style={
                    Object {
                      "display": "flex",
                    }
                  }
                >
                  <TextInput
                    className="bx--text__input"
                    disabled={false}
                    id="register-house-city"
                    invalid={false}
                    invalidText=""
                    labelText="City"
                    onChange={[Function]}
                    onClick={[Function]}
                    placeholder="City"
                    type="text"
                  />
                  <TextInput
                    className="bx--text__input"
                    disabled={false}
                    id="register-house-county"
                    invalid={false}
                    invalidText=""
                    labelText="*County"
                    onChange={[Function]}
                    onClick={[Function]}
                    placeholder="County"
                    type="text"
                  />
                </div>,
                <div
                  style={
                    Object {
                      "display": "flex",
                    }
                  }
                >
                  <TextInput
                    className="bx--text__input"
                    disabled={false}
                    id="register-house-country"
                    invalid={false}
                    invalidText=""
                    labelText="Country"
                    onChange={[Function]}
                    onClick={[Function]}
                    placeholder="Country"
                    type="text"
                  />
                  <TextInput
                    className="bx--text__input"
                    disabled={false}
                    id="register-house-postcode"
                    invalid={false}
                    invalidText=""
                    labelText="*Postcode"
                    onChange={[Function]}
                    onClick={[Function]}
                    placeholder="Postcode"
                    type="text"
                  />
                </div>,
              ],
              "className": "Register__form-address",
              "invalid": false,
              "legendText": "Address",
              "message": false,
              "messageText": "",
            },
            "ref": null,
            "rendered": Array [
              Object {
                "instance": null,
                "key": undefined,
                "nodeType": "function",
                "props": Object {
                  "className": "bx--text__input",
                  "disabled": false,
                  "id": "register-house-firstline",
                  "invalid": false,
                  "invalidText": "",
                  "labelText": "*Line 1",
                  "onChange": [Function],
                  "onClick": [Function],
                  "placeholder": "First line",
                  "type": "text",
                },
                "ref": null,
                "rendered": null,
                "type": [Function],
              },
              Object {
                "instance": null,
                "key": undefined,
                "nodeType": "function",
                "props": Object {
                  "className": "bx--text__input",
                  "disabled": false,
                  "id": "register-house-secondline",
                  "invalid": false,
                  "invalidText": "",
                  "labelText": "Line 2",
                  "onChange": [Function],
                  "onClick": [Function],
                  "placeholder": "Second line",
                  "type": "text",
                },
                "ref": null,
                "rendered": null,
                "type": [Function],
              },
              Object {
                "instance": null,
                "key": undefined,
                "nodeType": "host",
                "props": Object {
                  "children": Array [
                    <TextInput
                      className="bx--text__input"
                      disabled={false}
                      id="register-house-city"
                      invalid={false}
                      invalidText=""
                      labelText="City"
                      onChange={[Function]}
                      onClick={[Function]}
                      placeholder="City"
                      type="text"
                    />,
                    <TextInput
                      className="bx--text__input"
                      disabled={false}
                      id="register-house-county"
                      invalid={false}
                      invalidText=""
                      labelText="*County"
                      onChange={[Function]}
                      onClick={[Function]}
                      placeholder="County"
                      type="text"
                    />,
                  ],
                  "style": Object {
                    "display": "flex",
                  },
                },
                "ref": null,
                "rendered": Array [
                  Object {
                    "instance": null,
                    "key": undefined,
                    "nodeType": "function",
                    "props": Object {
                      "className": "bx--text__input",
                      "disabled": false,
                      "id": "register-house-city",
                      "invalid": false,
                      "invalidText": "",
                      "labelText": "City",
                      "onChange": [Function],
                      "onClick": [Function],
                      "placeholder": "City",
                      "type": "text",
                    },
                    "ref": null,
                    "rendered": null,
                    "type": [Function],
                  },
                  Object {
                    "instance": null,
                    "key": undefined,
                    "nodeType": "function",
                    "props": Object {
                      "className": "bx--text__input",
                      "disabled": false,
                      "id": "register-house-county",
                      "invalid": false,
                      "invalidText": "",
                      "labelText": "*County",
                      "onChange": [Function],
                      "onClick": [Function],
                      "placeholder": "County",
                      "type": "text",
                    },
                    "ref": null,
                    "rendered": null,
                    "type": [Function],
                  },
                ],
                "type": "div",
              },
              Object {
                "instance": null,
                "key": undefined,
                "nodeType": "host",
                "props": Object {
                  "children": Array [
                    <TextInput
                      className="bx--text__input"
                      disabled={false}
                      id="register-house-country"
                      invalid={false}
                      invalidText=""
                      labelText="Country"
                      onChange={[Function]}
                      onClick={[Function]}
                      placeholder="Country"
                      type="text"
                    />,
                    <TextInput
                      className="bx--text__input"
                      disabled={false}
                      id="register-house-postcode"
                      invalid={false}
                      invalidText=""
                      labelText="*Postcode"
                      onChange={[Function]}
                      onClick={[Function]}
                      placeholder="Postcode"
                      type="text"
                    />,
                  ],
                  "style": Object {
                    "display": "flex",
                  },
                },
                "ref": null,
                "rendered": Array [
                  Object {
                    "instance": null,
                    "key": undefined,
                    "nodeType": "function",
                    "props": Object {
                      "className": "bx--text__input",
                      "disabled": false,
                      "id": "register-house-country",
                      "invalid": false,
                      "invalidText": "",
                      "labelText": "Country",
                      "onChange": [Function],
                      "onClick": [Function],
                      "placeholder": "Country",
                      "type": "text",
                    },
                    "ref": null,
                    "rendered": null,
                    "type": [Function],
                  },
                  Object {
                    "instance": null,
                    "key": undefined,
                    "nodeType": "function",
                    "props": Object {
                      "className": "bx--text__input",
                      "disabled": false,
                      "id": "register-house-postcode",
                      "invalid": false,
                      "invalidText": "",
                      "labelText": "*Postcode",
                      "onChange": [Function],
                      "onClick": [Function],
                      "placeholder": "Postcode",
                      "type": "text",
                    },
                    "ref": null,
                    "rendered": null,
                    "type": [Function],
                  },
                ],
                "type": "div",
              },
            ],
            "type": [Function],
          },
          Object {
            "instance": null,
            "key": undefined,
            "nodeType": "function",
            "props": Object {
              "children": Array [
                <TextInput
                  className="bx--text__input"
                  disabled={false}
                  id="register-password"
                  invalid={false}
                  invalidText=""
                  labelText="*Password"
                  onChange={[Function]}
                  onClick={[Function]}
                  placeholder="Enter password"
                  type="password"
                />,
                <TextInput
                  className="bx--text__input"
                  disabled={false}
                  id="register-password-confirm"
                  invalid={false}
                  invalidText=""
                  labelText="*Confirm Password"
                  onChange={[Function]}
                  onClick={[Function]}
                  placeholder="Enter password"
                  type="password"
                />,
              ],
              "invalid": false,
              "legendText": "",
              "message": false,
              "messageText": "",
            },
            "ref": null,
            "rendered": Array [
              Object {
                "instance": null,
                "key": undefined,
                "nodeType": "function",
                "props": Object {
                  "className": "bx--text__input",
                  "disabled": false,
                  "id": "register-password",
                  "invalid": false,
                  "invalidText": "",
                  "labelText": "*Password",
                  "onChange": [Function],
                  "onClick": [Function],
                  "placeholder": "Enter password",
                  "type": "password",
                },
                "ref": null,
                "rendered": null,
                "type": [Function],
              },
              Object {
                "instance": null,
                "key": undefined,
                "nodeType": "function",
                "props": Object {
                  "className": "bx--text__input",
                  "disabled": false,
                  "id": "register-password-confirm",
                  "invalid": false,
                  "invalidText": "",
                  "labelText": "*Confirm Password",
                  "onChange": [Function],
                  "onClick": [Function],
                  "placeholder": "Enter password",
                  "type": "password",
                },
                "ref": null,
                "rendered": null,
                "type": [Function],
              },
            ],
            "type": [Function],
          },
          Object {
            "instance": null,
            "key": undefined,
            "nodeType": "host",
            "props": Object {
              "children": Array [
                <Button
                  className="Register__back-button"
                  disabled={false}
                  href="/"
                  iconDescription="Provide icon description if icon is used"
                  kind="secondary"
                  small={false}
                  style={
                    Object {
                      "width": "120px",
                    }
                  }
                  tabIndex={0}
                  type="button"
                >
                  Back
                </Button>,
                <Button
                  className="Register__register-button"
                  disabled={false}
                  iconDescription="Provide icon description if icon is used"
                  kind="primary"
                  small={false}
                  style={
                    Object {
                      "width": "120px",
                    }
                  }
                  tabIndex={0}
                  type="button"
                >
                  Register
                </Button>,
              ],
              "className": "Register__form-buttons",
            },
            "ref": null,
            "rendered": Array [
              Object {
                "instance": null,
                "key": undefined,
                "nodeType": "function",
                "props": Object {
                  "children": "Back",
                  "className": "Register__back-button",
                  "disabled": false,
                  "href": "/",
                  "iconDescription": "Provide icon description if icon is used",
                  "kind": "secondary",
                  "small": false,
                  "style": Object {
                    "width": "120px",
                  },
                  "tabIndex": 0,
                  "type": "button",
                },
                "ref": null,
                "rendered": "Back",
                "type": [Function],
              },
              Object {
                "instance": null,
                "key": undefined,
                "nodeType": "function",
                "props": Object {
                  "children": "Register",
                  "className": "Register__register-button",
                  "disabled": false,
                  "iconDescription": "Provide icon description if icon is used",
                  "kind": "primary",
                  "small": false,
                  "style": Object {
                    "width": "120px",
                  },
                  "tabIndex": 0,
                  "type": "button",
                },
                "ref": null,
                "rendered": "Register",
                "type": [Function],
              },
            ],
            "type": "div",
          },
        ],
        "type": [Function],
      },
    ],
    "type": "div",
  },
  Symbol(enzyme.__nodes__): Array [
    Object {
      "instance": null,
      "key": undefined,
      "nodeType": "host",
      "props": Object {
        "children": Array [
          <h2
            className="Register__title"
          >
            Register for an account
          </h2>,
          <Form
            className="Register__form"
          >
            <FormGroup
              className="Register__form-name"
              invalid={false}
              legendText="Name"
              message={false}
              messageText=""
            >
              <TextInput
                className="bx--text__input"
                disabled={false}
                id="register-first-name"
                invalid={false}
                invalidText=""
                labelText="*First"
                onChange={[Function]}
                onClick={[Function]}
                placeholder="First name"
                type="text"
              />
              <TextInput
                className="bx--text__input"
                disabled={false}
                id="register-last-name"
                invalid={false}
                invalidText=""
                labelText="*Last"
                onChange={[Function]}
                onClick={[Function]}
                placeholder="Last name"
                type="text"
              />
            </FormGroup>
            <FormGroup
              className="Register__form-address"
              invalid={false}
              legendText="Address"
              message={false}
              messageText=""
            >
              <TextInput
                className="bx--text__input"
                disabled={false}
                id="register-house-firstline"
                invalid={false}
                invalidText=""
                labelText="*Line 1"
                onChange={[Function]}
                onClick={[Function]}
                placeholder="First line"
                type="text"
              />
              <TextInput
                className="bx--text__input"
                disabled={false}
                id="register-house-secondline"
                invalid={false}
                invalidText=""
                labelText="Line 2"
                onChange={[Function]}
                onClick={[Function]}
                placeholder="Second line"
                type="text"
              />
              <div
                style={
                  Object {
                    "display": "flex",
                  }
                }
              >
                <TextInput
                  className="bx--text__input"
                  disabled={false}
                  id="register-house-city"
                  invalid={false}
                  invalidText=""
                  labelText="City"
                  onChange={[Function]}
                  onClick={[Function]}
                  placeholder="City"
                  type="text"
                />
                <TextInput
                  className="bx--text__input"
                  disabled={false}
                  id="register-house-county"
                  invalid={false}
                  invalidText=""
                  labelText="*County"
                  onChange={[Function]}
                  onClick={[Function]}
                  placeholder="County"
                  type="text"
                />
              </div>
              <div
                style={
                  Object {
                    "display": "flex",
                  }
                }
              >
                <TextInput
                  className="bx--text__input"
                  disabled={false}
                  id="register-house-country"
                  invalid={false}
                  invalidText=""
                  labelText="Country"
                  onChange={[Function]}
                  onClick={[Function]}
                  placeholder="Country"
                  type="text"
                />
                <TextInput
                  className="bx--text__input"
                  disabled={false}
                  id="register-house-postcode"
                  invalid={false}
                  invalidText=""
                  labelText="*Postcode"
                  onChange={[Function]}
                  onClick={[Function]}
                  placeholder="Postcode"
                  type="text"
                />
              </div>
            </FormGroup>
            <FormGroup
              invalid={false}
              legendText=""
              message={false}
              messageText=""
            >
              <TextInput
                className="bx--text__input"
                disabled={false}
                id="register-password"
                invalid={false}
                invalidText=""
                labelText="*Password"
                onChange={[Function]}
                onClick={[Function]}
                placeholder="Enter password"
                type="password"
              />
              <TextInput
                className="bx--text__input"
                disabled={false}
                id="register-password-confirm"
                invalid={false}
                invalidText=""
                labelText="*Confirm Password"
                onChange={[Function]}
                onClick={[Function]}
                placeholder="Enter password"
                type="password"
              />
            </FormGroup>
            <div
              className="Register__form-buttons"
            >
              <Button
                className="Register__back-button"
                disabled={false}
                href="/"
                iconDescription="Provide icon description if icon is used"
                kind="secondary"
                small={false}
                style={
                  Object {
                    "width": "120px",
                  }
                }
                tabIndex={0}
                type="button"
              >
                Back
              </Button>
              <Button
                className="Register__register-button"
                disabled={false}
                iconDescription="Provide icon description if icon is used"
                kind="primary"
                small={false}
                style={
                  Object {
                    "width": "120px",
                  }
                }
                tabIndex={0}
                type="button"
              >
                Register
              </Button>
            </div>
          </Form>,
        ],
        "className": "Register",
      },
      "ref": null,
      "rendered": Array [
        Object {
          "instance": null,
          "key": undefined,
          "nodeType": "host",
          "props": Object {
            "children": "Register for an account",
            "className": "Register__title",
          },
          "ref": null,
          "rendered": "Register for an account",
          "type": "h2",
        },
        Object {
          "instance": null,
          "key": undefined,
          "nodeType": "function",
          "props": Object {
            "children": Array [
              <FormGroup
                className="Register__form-name"
                invalid={false}
                legendText="Name"
                message={false}
                messageText=""
              >
                <TextInput
                  className="bx--text__input"
                  disabled={false}
                  id="register-first-name"
                  invalid={false}
                  invalidText=""
                  labelText="*First"
                  onChange={[Function]}
                  onClick={[Function]}
                  placeholder="First name"
                  type="text"
                />
                <TextInput
                  className="bx--text__input"
                  disabled={false}
                  id="register-last-name"
                  invalid={false}
                  invalidText=""
                  labelText="*Last"
                  onChange={[Function]}
                  onClick={[Function]}
                  placeholder="Last name"
                  type="text"
                />
              </FormGroup>,
              <FormGroup
                className="Register__form-address"
                invalid={false}
                legendText="Address"
                message={false}
                messageText=""
              >
                <TextInput
                  className="bx--text__input"
                  disabled={false}
                  id="register-house-firstline"
                  invalid={false}
                  invalidText=""
                  labelText="*Line 1"
                  onChange={[Function]}
                  onClick={[Function]}
                  placeholder="First line"
                  type="text"
                />
                <TextInput
                  className="bx--text__input"
                  disabled={false}
                  id="register-house-secondline"
                  invalid={false}
                  invalidText=""
                  labelText="Line 2"
                  onChange={[Function]}
                  onClick={[Function]}
                  placeholder="Second line"
                  type="text"
                />
                <div
                  style={
                    Object {
                      "display": "flex",
                    }
                  }
                >
                  <TextInput
                    className="bx--text__input"
                    disabled={false}
                    id="register-house-city"
                    invalid={false}
                    invalidText=""
                    labelText="City"
                    onChange={[Function]}
                    onClick={[Function]}
                    placeholder="City"
                    type="text"
                  />
                  <TextInput
                    className="bx--text__input"
                    disabled={false}
                    id="register-house-county"
                    invalid={false}
                    invalidText=""
                    labelText="*County"
                    onChange={[Function]}
                    onClick={[Function]}
                    placeholder="County"
                    type="text"
                  />
                </div>
                <div
                  style={
                    Object {
                      "display": "flex",
                    }
                  }
                >
                  <TextInput
                    className="bx--text__input"
                    disabled={false}
                    id="register-house-country"
                    invalid={false}
                    invalidText=""
                    labelText="Country"
                    onChange={[Function]}
                    onClick={[Function]}
                    placeholder="Country"
                    type="text"
                  />
                  <TextInput
                    className="bx--text__input"
                    disabled={false}
                    id="register-house-postcode"
                    invalid={false}
                    invalidText=""
                    labelText="*Postcode"
                    onChange={[Function]}
                    onClick={[Function]}
                    placeholder="Postcode"
                    type="text"
                  />
                </div>
              </FormGroup>,
              <FormGroup
                invalid={false}
                legendText=""
                message={false}
                messageText=""
              >
                <TextInput
                  className="bx--text__input"
                  disabled={false}
                  id="register-password"
                  invalid={false}
                  invalidText=""
                  labelText="*Password"
                  onChange={[Function]}
                  onClick={[Function]}
                  placeholder="Enter password"
                  type="password"
                />
                <TextInput
                  className="bx--text__input"
                  disabled={false}
                  id="register-password-confirm"
                  invalid={false}
                  invalidText=""
                  labelText="*Confirm Password"
                  onChange={[Function]}
                  onClick={[Function]}
                  placeholder="Enter password"
                  type="password"
                />
              </FormGroup>,
              <div
                className="Register__form-buttons"
              >
                <Button
                  className="Register__back-button"
                  disabled={false}
                  href="/"
                  iconDescription="Provide icon description if icon is used"
                  kind="secondary"
                  small={false}
                  style={
                    Object {
                      "width": "120px",
                    }
                  }
                  tabIndex={0}
                  type="button"
                >
                  Back
                </Button>
                <Button
                  className="Register__register-button"
                  disabled={false}
                  iconDescription="Provide icon description if icon is used"
                  kind="primary"
                  small={false}
                  style={
                    Object {
                      "width": "120px",
                    }
                  }
                  tabIndex={0}
                  type="button"
                >
                  Register
                </Button>
              </div>,
            ],
            "className": "Register__form",
          },
          "ref": null,
          "rendered": Array [
            Object {
              "instance": null,
              "key": undefined,
              "nodeType": "function",
              "props": Object {
                "children": Array [
                  <TextInput
                    className="bx--text__input"
                    disabled={false}
                    id="register-first-name"
                    invalid={false}
                    invalidText=""
                    labelText="*First"
                    onChange={[Function]}
                    onClick={[Function]}
                    placeholder="First name"
                    type="text"
                  />,
                  <TextInput
                    className="bx--text__input"
                    disabled={false}
                    id="register-last-name"
                    invalid={false}
                    invalidText=""
                    labelText="*Last"
                    onChange={[Function]}
                    onClick={[Function]}
                    placeholder="Last name"
                    type="text"
                  />,
                ],
                "className": "Register__form-name",
                "invalid": false,
                "legendText": "Name",
                "message": false,
                "messageText": "",
              },
              "ref": null,
              "rendered": Array [
                Object {
                  "instance": null,
                  "key": undefined,
                  "nodeType": "function",
                  "props": Object {
                    "className": "bx--text__input",
                    "disabled": false,
                    "id": "register-first-name",
                    "invalid": false,
                    "invalidText": "",
                    "labelText": "*First",
                    "onChange": [Function],
                    "onClick": [Function],
                    "placeholder": "First name",
                    "type": "text",
                  },
                  "ref": null,
                  "rendered": null,
                  "type": [Function],
                },
                Object {
                  "instance": null,
                  "key": undefined,
                  "nodeType": "function",
                  "props": Object {
                    "className": "bx--text__input",
                    "disabled": false,
                    "id": "register-last-name",
                    "invalid": false,
                    "invalidText": "",
                    "labelText": "*Last",
                    "onChange": [Function],
                    "onClick": [Function],
                    "placeholder": "Last name",
                    "type": "text",
                  },
                  "ref": null,
                  "rendered": null,
                  "type": [Function],
                },
              ],
              "type": [Function],
            },
            Object {
              "instance": null,
              "key": undefined,
              "nodeType": "function",
              "props": Object {
                "children": Array [
                  <TextInput
                    className="bx--text__input"
                    disabled={false}
                    id="register-house-firstline"
                    invalid={false}
                    invalidText=""
                    labelText="*Line 1"
                    onChange={[Function]}
                    onClick={[Function]}
                    placeholder="First line"
                    type="text"
                  />,
                  <TextInput
                    className="bx--text__input"
                    disabled={false}
                    id="register-house-secondline"
                    invalid={false}
                    invalidText=""
                    labelText="Line 2"
                    onChange={[Function]}
                    onClick={[Function]}
                    placeholder="Second line"
                    type="text"
                  />,
                  <div
                    style={
                      Object {
                        "display": "flex",
                      }
                    }
                  >
                    <TextInput
                      className="bx--text__input"
                      disabled={false}
                      id="register-house-city"
                      invalid={false}
                      invalidText=""
                      labelText="City"
                      onChange={[Function]}
                      onClick={[Function]}
                      placeholder="City"
                      type="text"
                    />
                    <TextInput
                      className="bx--text__input"
                      disabled={false}
                      id="register-house-county"
                      invalid={false}
                      invalidText=""
                      labelText="*County"
                      onChange={[Function]}
                      onClick={[Function]}
                      placeholder="County"
                      type="text"
                    />
                  </div>,
                  <div
                    style={
                      Object {
                        "display": "flex",
                      }
                    }
                  >
                    <TextInput
                      className="bx--text__input"
                      disabled={false}
                      id="register-house-country"
                      invalid={false}
                      invalidText=""
                      labelText="Country"
                      onChange={[Function]}
                      onClick={[Function]}
                      placeholder="Country"
                      type="text"
                    />
                    <TextInput
                      className="bx--text__input"
                      disabled={false}
                      id="register-house-postcode"
                      invalid={false}
                      invalidText=""
                      labelText="*Postcode"
                      onChange={[Function]}
                      onClick={[Function]}
                      placeholder="Postcode"
                      type="text"
                    />
                  </div>,
                ],
                "className": "Register__form-address",
                "invalid": false,
                "legendText": "Address",
                "message": false,
                "messageText": "",
              },
              "ref": null,
              "rendered": Array [
                Object {
                  "instance": null,
                  "key": undefined,
                  "nodeType": "function",
                  "props": Object {
                    "className": "bx--text__input",
                    "disabled": false,
                    "id": "register-house-firstline",
                    "invalid": false,
                    "invalidText": "",
                    "labelText": "*Line 1",
                    "onChange": [Function],
                    "onClick": [Function],
                    "placeholder": "First line",
                    "type": "text",
                  },
                  "ref": null,
                  "rendered": null,
                  "type": [Function],
                },
                Object {
                  "instance": null,
                  "key": undefined,
                  "nodeType": "function",
                  "props": Object {
                    "className": "bx--text__input",
                    "disabled": false,
                    "id": "register-house-secondline",
                    "invalid": false,
                    "invalidText": "",
                    "labelText": "Line 2",
                    "onChange": [Function],
                    "onClick": [Function],
                    "placeholder": "Second line",
                    "type": "text",
                  },
                  "ref": null,
                  "rendered": null,
                  "type": [Function],
                },
                Object {
                  "instance": null,
                  "key": undefined,
                  "nodeType": "host",
                  "props": Object {
                    "children": Array [
                      <TextInput
                        className="bx--text__input"
                        disabled={false}
                        id="register-house-city"
                        invalid={false}
                        invalidText=""
                        labelText="City"
                        onChange={[Function]}
                        onClick={[Function]}
                        placeholder="City"
                        type="text"
                      />,
                      <TextInput
                        className="bx--text__input"
                        disabled={false}
                        id="register-house-county"
                        invalid={false}
                        invalidText=""
                        labelText="*County"
                        onChange={[Function]}
                        onClick={[Function]}
                        placeholder="County"
                        type="text"
                      />,
                    ],
                    "style": Object {
                      "display": "flex",
                    },
                  },
                  "ref": null,
                  "rendered": Array [
                    Object {
                      "instance": null,
                      "key": undefined,
                      "nodeType": "function",
                      "props": Object {
                        "className": "bx--text__input",
                        "disabled": false,
                        "id": "register-house-city",
                        "invalid": false,
                        "invalidText": "",
                        "labelText": "City",
                        "onChange": [Function],
                        "onClick": [Function],
                        "placeholder": "City",
                        "type": "text",
                      },
                      "ref": null,
                      "rendered": null,
                      "type": [Function],
                    },
                    Object {
                      "instance": null,
                      "key": undefined,
                      "nodeType": "function",
                      "props": Object {
                        "className": "bx--text__input",
                        "disabled": false,
                        "id": "register-house-county",
                        "invalid": false,
                        "invalidText": "",
                        "labelText": "*County",
                        "onChange": [Function],
                        "onClick": [Function],
                        "placeholder": "County",
                        "type": "text",
                      },
                      "ref": null,
                      "rendered": null,
                      "type": [Function],
                    },
                  ],
                  "type": "div",
                },
                Object {
                  "instance": null,
                  "key": undefined,
                  "nodeType": "host",
                  "props": Object {
                    "children": Array [
                      <TextInput
                        className="bx--text__input"
                        disabled={false}
                        id="register-house-country"
                        invalid={false}
                        invalidText=""
                        labelText="Country"
                        onChange={[Function]}
                        onClick={[Function]}
                        placeholder="Country"
                        type="text"
                      />,
                      <TextInput
                        className="bx--text__input"
                        disabled={false}
                        id="register-house-postcode"
                        invalid={false}
                        invalidText=""
                        labelText="*Postcode"
                        onChange={[Function]}
                        onClick={[Function]}
                        placeholder="Postcode"
                        type="text"
                      />,
                    ],
                    "style": Object {
                      "display": "flex",
                    },
                  },
                  "ref": null,
                  "rendered": Array [
                    Object {
                      "instance": null,
                      "key": undefined,
                      "nodeType": "function",
                      "props": Object {
                        "className": "bx--text__input",
                        "disabled": false,
                        "id": "register-house-country",
                        "invalid": false,
                        "invalidText": "",
                        "labelText": "Country",
                        "onChange": [Function],
                        "onClick": [Function],
                        "placeholder": "Country",
                        "type": "text",
                      },
                      "ref": null,
                      "rendered": null,
                      "type": [Function],
                    },
                    Object {
                      "instance": null,
                      "key": undefined,
                      "nodeType": "function",
                      "props": Object {
                        "className": "bx--text__input",
                        "disabled": false,
                        "id": "register-house-postcode",
                        "invalid": false,
                        "invalidText": "",
                        "labelText": "*Postcode",
                        "onChange": [Function],
                        "onClick": [Function],
                        "placeholder": "Postcode",
                        "type": "text",
                      },
                      "ref": null,
                      "rendered": null,
                      "type": [Function],
                    },
                  ],
                  "type": "div",
                },
              ],
              "type": [Function],
            },
            Object {
              "instance": null,
              "key": undefined,
              "nodeType": "function",
              "props": Object {
                "children": Array [
                  <TextInput
                    className="bx--text__input"
                    disabled={false}
                    id="register-password"
                    invalid={false}
                    invalidText=""
                    labelText="*Password"
                    onChange={[Function]}
                    onClick={[Function]}
                    placeholder="Enter password"
                    type="password"
                  />,
                  <TextInput
                    className="bx--text__input"
                    disabled={false}
                    id="register-password-confirm"
                    invalid={false}
                    invalidText=""
                    labelText="*Confirm Password"
                    onChange={[Function]}
                    onClick={[Function]}
                    placeholder="Enter password"
                    type="password"
                  />,
                ],
                "invalid": false,
                "legendText": "",
                "message": false,
                "messageText": "",
              },
              "ref": null,
              "rendered": Array [
                Object {
                  "instance": null,
                  "key": undefined,
                  "nodeType": "function",
                  "props": Object {
                    "className": "bx--text__input",
                    "disabled": false,
                    "id": "register-password",
                    "invalid": false,
                    "invalidText": "",
                    "labelText": "*Password",
                    "onChange": [Function],
                    "onClick": [Function],
                    "placeholder": "Enter password",
                    "type": "password",
                  },
                  "ref": null,
                  "rendered": null,
                  "type": [Function],
                },
                Object {
                  "instance": null,
                  "key": undefined,
                  "nodeType": "function",
                  "props": Object {
                    "className": "bx--text__input",
                    "disabled": false,
                    "id": "register-password-confirm",
                    "invalid": false,
                    "invalidText": "",
                    "labelText": "*Confirm Password",
                    "onChange": [Function],
                    "onClick": [Function],
                    "placeholder": "Enter password",
                    "type": "password",
                  },
                  "ref": null,
                  "rendered": null,
                  "type": [Function],
                },
              ],
              "type": [Function],
            },
            Object {
              "instance": null,
              "key": undefined,
              "nodeType": "host",
              "props": Object {
                "children": Array [
                  <Button
                    className="Register__back-button"
                    disabled={false}
                    href="/"
                    iconDescription="Provide icon description if icon is used"
                    kind="secondary"
                    small={false}
                    style={
                      Object {
                        "width": "120px",
                      }
                    }
                    tabIndex={0}
                    type="button"
                  >
                    Back
                  </Button>,
                  <Button
                    className="Register__register-button"
                    disabled={false}
                    iconDescription="Provide icon description if icon is used"
                    kind="primary"
                    small={false}
                    style={
                      Object {
                        "width": "120px",
                      }
                    }
                    tabIndex={0}
                    type="button"
                  >
                    Register
                  </Button>,
                ],
                "className": "Register__form-buttons",
              },
              "ref": null,
              "rendered": Array [
                Object {
                  "instance": null,
                  "key": undefined,
                  "nodeType": "function",
                  "props": Object {
                    "children": "Back",
                    "className": "Register__back-button",
                    "disabled": false,
                    "href": "/",
                    "iconDescription": "Provide icon description if icon is used",
                    "kind": "secondary",
                    "small": false,
                    "style": Object {
                      "width": "120px",
                    },
                    "tabIndex": 0,
                    "type": "button",
                  },
                  "ref": null,
                  "rendered": "Back",
                  "type": [Function],
                },
                Object {
                  "instance": null,
                  "key": undefined,
                  "nodeType": "function",
                  "props": Object {
                    "children": "Register",
                    "className": "Register__register-button",
                    "disabled": false,
                    "iconDescription": "Provide icon description if icon is used",
                    "kind": "primary",
                    "small": false,
                    "style": Object {
                      "width": "120px",
                    },
                    "tabIndex": 0,
                    "type": "button",
                  },
                  "ref": null,
                  "rendered": "Register",
                  "type": [Function],
                },
              ],
              "type": "div",
            },
          ],
          "type": [Function],
        },
      ],
      "type": "div",
    },
  ],
  Symbol(enzyme.__options__): Object {
    "adapter": ReactSixteenAdapter {
      "options": Object {
        "enableComponentDidUpdateOnSetState": true,
      },
    },
  },
}
`;
