// Jest Snapshot v1, https://goo.gl/fbAQLP

exports[`index.jsx renders without crashing 1`] = `"{\\"props\\":{\\"children\\":{\\"key\\":null,\\"ref\\":null,\\"props\\":{},\\"_owner\\":null,\\"_store\\":{}}},\\"context\\":{},\\"refs\\":{},\\"updater\\":{},\\"history\\":{\\"length\\":1,\\"action\\":\\"POP\\",\\"location\\":{\\"pathname\\":\\"/\\",\\"search\\":\\"\\",\\"hash\\":\\"\\"}},\\"_reactInternalInstance\\":\\"censored\\",\\"state\\":null}"`;
