// Jest Snapshot v1, https://goo.gl/fbAQLP

exports[`Overview.jsx renders without crashing 1`] = `
ShallowWrapper {
  "length": 1,
  Symbol(enzyme.__root__): [Circular],
  Symbol(enzyme.__unrendered__): <Overview />,
  Symbol(enzyme.__renderer__): Object {
    "batchedUpdates": [Function],
    "getNode": [Function],
    "render": [Function],
    "simulateEvent": [Function],
    "unmount": [Function],
  },
  Symbol(enzyme.__node__): Object {
    "instance": null,
    "key": undefined,
    "nodeType": "host",
    "props": Object {
      "children": Array [
        <OverviewHeader />,
        <div
          className="Overview__search-bar-container"
        >
          <div>
            <Search
              className="Overview__search-bar"
              id="device-search"
              labelText="Search"
              onChange={[Function]}
              placeHolderText="Search Devices"
              small={true}
              type="text"
            />
          </div>
        </div>,
        <div
          className="Overview__content"
        >
          <div>
            <DeviceTile
              active={true}
              name="Device 4"
              temp={25.2}
            />
          </div>
        </div>,
      ],
      "className": "Overview",
    },
    "ref": null,
    "rendered": Array [
      Object {
        "instance": null,
        "key": undefined,
        "nodeType": "function",
        "props": Object {},
        "ref": null,
        "rendered": null,
        "type": [Function],
      },
      Object {
        "instance": null,
        "key": undefined,
        "nodeType": "host",
        "props": Object {
          "children": <div>
            <Search
              className="Overview__search-bar"
              id="device-search"
              labelText="Search"
              onChange={[Function]}
              placeHolderText="Search Devices"
              small={true}
              type="text"
            />
          </div>,
          "className": "Overview__search-bar-container",
        },
        "ref": null,
        "rendered": Object {
          "instance": null,
          "key": undefined,
          "nodeType": "host",
          "props": Object {
            "children": <Search
              className="Overview__search-bar"
              id="device-search"
              labelText="Search"
              onChange={[Function]}
              placeHolderText="Search Devices"
              small={true}
              type="text"
            />,
          },
          "ref": null,
          "rendered": Object {
            "instance": null,
            "key": undefined,
            "nodeType": "class",
            "props": Object {
              "className": "Overview__search-bar",
              "id": "device-search",
              "labelText": "Search",
              "onChange": [Function],
              "placeHolderText": "Search Devices",
              "small": true,
              "type": "text",
            },
            "ref": null,
            "rendered": null,
            "type": [Function],
          },
          "type": "div",
        },
        "type": "div",
      },
      Object {
        "instance": null,
        "key": undefined,
        "nodeType": "host",
        "props": Object {
          "children": <div>
            <DeviceTile
              active={true}
              name="Device 4"
              temp={25.2}
            />
          </div>,
          "className": "Overview__content",
        },
        "ref": null,
        "rendered": Object {
          "instance": null,
          "key": undefined,
          "nodeType": "host",
          "props": Object {
            "children": <DeviceTile
              active={true}
              name="Device 4"
              temp={25.2}
            />,
          },
          "ref": null,
          "rendered": Object {
            "instance": null,
            "key": undefined,
            "nodeType": "function",
            "props": Object {
              "active": true,
              "name": "Device 4",
              "temp": 25.2,
            },
            "ref": null,
            "rendered": null,
            "type": [Function],
          },
          "type": "div",
        },
        "type": "div",
      },
    ],
    "type": "div",
  },
  Symbol(enzyme.__nodes__): Array [
    Object {
      "instance": null,
      "key": undefined,
      "nodeType": "host",
      "props": Object {
        "children": Array [
          <OverviewHeader />,
          <div
            className="Overview__search-bar-container"
          >
            <div>
              <Search
                className="Overview__search-bar"
                id="device-search"
                labelText="Search"
                onChange={[Function]}
                placeHolderText="Search Devices"
                small={true}
                type="text"
              />
            </div>
          </div>,
          <div
            className="Overview__content"
          >
            <div>
              <DeviceTile
                active={true}
                name="Device 4"
                temp={25.2}
              />
            </div>
          </div>,
        ],
        "className": "Overview",
      },
      "ref": null,
      "rendered": Array [
        Object {
          "instance": null,
          "key": undefined,
          "nodeType": "function",
          "props": Object {},
          "ref": null,
          "rendered": null,
          "type": [Function],
        },
        Object {
          "instance": null,
          "key": undefined,
          "nodeType": "host",
          "props": Object {
            "children": <div>
              <Search
                className="Overview__search-bar"
                id="device-search"
                labelText="Search"
                onChange={[Function]}
                placeHolderText="Search Devices"
                small={true}
                type="text"
              />
            </div>,
            "className": "Overview__search-bar-container",
          },
          "ref": null,
          "rendered": Object {
            "instance": null,
            "key": undefined,
            "nodeType": "host",
            "props": Object {
              "children": <Search
                className="Overview__search-bar"
                id="device-search"
                labelText="Search"
                onChange={[Function]}
                placeHolderText="Search Devices"
                small={true}
                type="text"
              />,
            },
            "ref": null,
            "rendered": Object {
              "instance": null,
              "key": undefined,
              "nodeType": "class",
              "props": Object {
                "className": "Overview__search-bar",
                "id": "device-search",
                "labelText": "Search",
                "onChange": [Function],
                "placeHolderText": "Search Devices",
                "small": true,
                "type": "text",
              },
              "ref": null,
              "rendered": null,
              "type": [Function],
            },
            "type": "div",
          },
          "type": "div",
        },
        Object {
          "instance": null,
          "key": undefined,
          "nodeType": "host",
          "props": Object {
            "children": <div>
              <DeviceTile
                active={true}
                name="Device 4"
                temp={25.2}
              />
            </div>,
            "className": "Overview__content",
          },
          "ref": null,
          "rendered": Object {
            "instance": null,
            "key": undefined,
            "nodeType": "host",
            "props": Object {
              "children": <DeviceTile
                active={true}
                name="Device 4"
                temp={25.2}
              />,
            },
            "ref": null,
            "rendered": Object {
              "instance": null,
              "key": undefined,
              "nodeType": "function",
              "props": Object {
                "active": true,
                "name": "Device 4",
                "temp": 25.2,
              },
              "ref": null,
              "rendered": null,
              "type": [Function],
            },
            "type": "div",
          },
          "type": "div",
        },
      ],
      "type": "div",
    },
  ],
  Symbol(enzyme.__options__): Object {
    "adapter": ReactSixteenAdapter {
      "options": Object {
        "enableComponentDidUpdateOnSetState": true,
      },
    },
  },
}
`;
